Warning: You are sending unauthenticated requests to the HF Hub. Please set a HF_TOKEN to enable higher rate limits and faster downloads.
Loading weights:   0%|          | 0/103 [00:00<?, ?it/s]Loading weights: 100%|██████████| 103/103 [00:00<00:00, 7461.76it/s]
Loading weights:   0%|          | 0/196 [00:00<?, ?it/s]Loading weights: 100%|██████████| 196/196 [00:00<00:00, 3414.08it/s]
[run_layer_sweep] === layer(block)=0 (hs_index=1) best_k=1.0 alpha=31.086 ===
[run_layer_sweep] wrote /home/jkchoi/project/autopaper/sandbox/pythia-1b-layer-sweep/artifacts/pythia_1b_layer_sweep/per_seed_margins.csv (1 rows)
[run_layer_sweep]   seed=101 n=60 margin=+0.00180 (2.6s)
[run_layer_sweep] wrote /home/jkchoi/project/autopaper/sandbox/pythia-1b-layer-sweep/artifacts/pythia_1b_layer_sweep/per_seed_margins.csv (2 rows)
[run_layer_sweep]   seed=202 n=60 margin=+0.00954 (1.6s)
[run_layer_sweep] wrote /home/jkchoi/project/autopaper/sandbox/pythia-1b-layer-sweep/artifacts/pythia_1b_layer_sweep/per_seed_margins.csv (3 rows)
[run_layer_sweep]   seed=303 n=60 margin=-0.00050 (1.7s)
[run_layer_sweep] wrote /home/jkchoi/project/autopaper/sandbox/pythia-1b-layer-sweep/artifacts/pythia_1b_layer_sweep/per_seed_margins.csv (4 rows)
[run_layer_sweep]   seed=404 n=60 margin=+0.00910 (1.7s)
[run_layer_sweep] wrote /home/jkchoi/project/autopaper/sandbox/pythia-1b-layer-sweep/artifacts/pythia_1b_layer_sweep/per_seed_margins.csv (5 rows)
[run_layer_sweep]   seed=505 n=60 margin=+0.00086 (1.7s)
[run_layer_sweep] === layer(block)=3 (hs_index=4) best_k=2.4 alpha=87.474 ===
[run_layer_sweep] wrote /home/jkchoi/project/autopaper/sandbox/pythia-1b-layer-sweep/artifacts/pythia_1b_layer_sweep/per_seed_margins.csv (6 rows)
[run_layer_sweep]   seed=101 n=60 margin=-0.00487 (1.7s)
[run_layer_sweep] wrote /home/jkchoi/project/autopaper/sandbox/pythia-1b-layer-sweep/artifacts/pythia_1b_layer_sweep/per_seed_margins.csv (7 rows)
[run_layer_sweep]   seed=202 n=60 margin=-0.01504 (1.7s)
[run_layer_sweep] wrote /home/jkchoi/project/autopaper/sandbox/pythia-1b-layer-sweep/artifacts/pythia_1b_layer_sweep/per_seed_margins.csv (8 rows)
[run_layer_sweep]   seed=303 n=60 margin=-0.01647 (1.6s)
[run_layer_sweep] wrote /home/jkchoi/project/autopaper/sandbox/pythia-1b-layer-sweep/artifacts/pythia_1b_layer_sweep/per_seed_margins.csv (9 rows)
[run_layer_sweep]   seed=404 n=60 margin=-0.00996 (1.7s)
[run_layer_sweep] wrote /home/jkchoi/project/autopaper/sandbox/pythia-1b-layer-sweep/artifacts/pythia_1b_layer_sweep/per_seed_margins.csv (10 rows)
[run_layer_sweep]   seed=505 n=60 margin=-0.02257 (1.8s)
[run_layer_sweep] === layer(block)=5 (hs_index=6) best_k=8.0 alpha=361.145 ===
[run_layer_sweep] wrote /home/jkchoi/project/autopaper/sandbox/pythia-1b-layer-sweep/artifacts/pythia_1b_layer_sweep/per_seed_margins.csv (11 rows)
[run_layer_sweep]   seed=101 n=60 margin=+0.02984 (1.7s)
[run_layer_sweep] wrote /home/jkchoi/project/autopaper/sandbox/pythia-1b-layer-sweep/artifacts/pythia_1b_layer_sweep/per_seed_margins.csv (12 rows)
[run_layer_sweep]   seed=202 n=60 margin=+0.03669 (1.7s)
[run_layer_sweep] wrote /home/jkchoi/project/autopaper/sandbox/pythia-1b-layer-sweep/artifacts/pythia_1b_layer_sweep/per_seed_margins.csv (13 rows)
[run_layer_sweep]   seed=303 n=60 margin=+0.04081 (1.7s)
[run_layer_sweep] wrote /home/jkchoi/project/autopaper/sandbox/pythia-1b-layer-sweep/artifacts/pythia_1b_layer_sweep/per_seed_margins.csv (14 rows)
[run_layer_sweep]   seed=404 n=60 margin=+0.02349 (1.6s)
[run_layer_sweep] wrote /home/jkchoi/project/autopaper/sandbox/pythia-1b-layer-sweep/artifacts/pythia_1b_layer_sweep/per_seed_margins.csv (15 rows)
[run_layer_sweep]   seed=505 n=60 margin=+0.02753 (1.7s)
[run_layer_sweep] === layer(block)=8 (hs_index=9) best_k=8.0 alpha=401.565 ===
[run_layer_sweep] wrote /home/jkchoi/project/autopaper/sandbox/pythia-1b-layer-sweep/artifacts/pythia_1b_layer_sweep/per_seed_margins.csv (16 rows)
[run_layer_sweep]   seed=101 n=60 margin=+0.00951 (1.7s)
[run_layer_sweep] wrote /home/jkchoi/project/autopaper/sandbox/pythia-1b-layer-sweep/artifacts/pythia_1b_layer_sweep/per_seed_margins.csv (17 rows)
[run_layer_sweep]   seed=202 n=60 margin=+0.00529 (1.7s)
[run_layer_sweep] wrote /home/jkchoi/project/autopaper/sandbox/pythia-1b-layer-sweep/artifacts/pythia_1b_layer_sweep/per_seed_margins.csv (18 rows)
[run_layer_sweep]   seed=303 n=60 margin=+0.01695 (1.6s)
[run_layer_sweep] wrote /home/jkchoi/project/autopaper/sandbox/pythia-1b-layer-sweep/artifacts/pythia_1b_layer_sweep/per_seed_margins.csv (19 rows)
[run_layer_sweep]   seed=404 n=60 margin=+0.00915 (1.6s)
[run_layer_sweep] wrote /home/jkchoi/project/autopaper/sandbox/pythia-1b-layer-sweep/artifacts/pythia_1b_layer_sweep/per_seed_margins.csv (20 rows)
[run_layer_sweep]   seed=505 n=60 margin=+0.02250 (1.7s)
[run_layer_sweep] === layer(block)=10 (hs_index=11) best_k=1.6 alpha=92.152 ===
[run_layer_sweep] wrote /home/jkchoi/project/autopaper/sandbox/pythia-1b-layer-sweep/artifacts/pythia_1b_layer_sweep/per_seed_margins.csv (21 rows)
[run_layer_sweep]   seed=101 n=60 margin=+0.00436 (1.6s)
[run_layer_sweep] wrote /home/jkchoi/project/autopaper/sandbox/pythia-1b-layer-sweep/artifacts/pythia_1b_layer_sweep/per_seed_margins.csv (22 rows)
[run_layer_sweep]   seed=202 n=60 margin=+0.00474 (1.7s)
[run_layer_sweep] wrote /home/jkchoi/project/autopaper/sandbox/pythia-1b-layer-sweep/artifacts/pythia_1b_layer_sweep/per_seed_margins.csv (23 rows)
[run_layer_sweep]   seed=303 n=60 margin=+0.00774 (1.7s)
[run_layer_sweep] wrote /home/jkchoi/project/autopaper/sandbox/pythia-1b-layer-sweep/artifacts/pythia_1b_layer_sweep/per_seed_margins.csv (24 rows)
[run_layer_sweep]   seed=404 n=60 margin=+0.01472 (1.7s)
[run_layer_sweep] wrote /home/jkchoi/project/autopaper/sandbox/pythia-1b-layer-sweep/artifacts/pythia_1b_layer_sweep/per_seed_margins.csv (25 rows)
[run_layer_sweep]   seed=505 n=60 margin=+0.00464 (1.6s)
[run_layer_sweep] === layer(block)=12 (hs_index=13) best_k=0.2 alpha=18.311 ===
[run_layer_sweep] wrote /home/jkchoi/project/autopaper/sandbox/pythia-1b-layer-sweep/artifacts/pythia_1b_layer_sweep/per_seed_margins.csv (26 rows)
[run_layer_sweep]   seed=101 n=60 margin=+0.00007 (1.7s)
[run_layer_sweep] wrote /home/jkchoi/project/autopaper/sandbox/pythia-1b-layer-sweep/artifacts/pythia_1b_layer_sweep/per_seed_margins.csv (27 rows)
[run_layer_sweep]   seed=202 n=60 margin=-0.00207 (1.6s)
[run_layer_sweep] wrote /home/jkchoi/project/autopaper/sandbox/pythia-1b-layer-sweep/artifacts/pythia_1b_layer_sweep/per_seed_margins.csv (28 rows)
[run_layer_sweep]   seed=303 n=60 margin=+0.00468 (1.7s)
[run_layer_sweep] wrote /home/jkchoi/project/autopaper/sandbox/pythia-1b-layer-sweep/artifacts/pythia_1b_layer_sweep/per_seed_margins.csv (29 rows)
[run_layer_sweep]   seed=404 n=60 margin=-0.00067 (1.7s)
[run_layer_sweep] wrote /home/jkchoi/project/autopaper/sandbox/pythia-1b-layer-sweep/artifacts/pythia_1b_layer_sweep/per_seed_margins.csv (30 rows)
[run_layer_sweep]   seed=505 n=60 margin=-0.00105 (1.7s)
[run_layer_sweep] === layer(block)=15 (hs_index=16) best_k=3.2 alpha=322.045 ===
[run_layer_sweep] wrote /home/jkchoi/project/autopaper/sandbox/pythia-1b-layer-sweep/artifacts/pythia_1b_layer_sweep/per_seed_margins.csv (31 rows)
[run_layer_sweep]   seed=101 n=60 margin=-0.00613 (1.7s)
[run_layer_sweep] wrote /home/jkchoi/project/autopaper/sandbox/pythia-1b-layer-sweep/artifacts/pythia_1b_layer_sweep/per_seed_margins.csv (32 rows)
[run_layer_sweep]   seed=202 n=60 margin=-0.00385 (1.6s)
[run_layer_sweep] wrote /home/jkchoi/project/autopaper/sandbox/pythia-1b-layer-sweep/artifacts/pythia_1b_layer_sweep/per_seed_margins.csv (33 rows)
[run_layer_sweep]   seed=303 n=60 margin=+0.00758 (1.6s)
[run_layer_sweep] wrote /home/jkchoi/project/autopaper/sandbox/pythia-1b-layer-sweep/artifacts/pythia_1b_layer_sweep/per_seed_margins.csv (34 rows)
[run_layer_sweep]   seed=404 n=60 margin=+0.00611 (1.6s)
[run_layer_sweep] wrote /home/jkchoi/project/autopaper/sandbox/pythia-1b-layer-sweep/artifacts/pythia_1b_layer_sweep/per_seed_margins.csv (35 rows)
[run_layer_sweep]   seed=505 n=60 margin=+0.00473 (1.7s)
[run_layer_sweep] multiseed stage done
